\BOOKMARK [1][-]{section.1}{\376\377\000I\000n\000t\000r\000o\000d\000u\000c\000t\000i\000o\000n}{}% 1
\BOOKMARK [2][-]{subsection.2}{\376\377\000R\000e\000p\000o\000r\000t\000\040\000S\000t\000r\000u\000c\000t\000u\000r\000e}{section.1}% 2
\BOOKMARK [1][-]{section.3}{\376\377\000Q\000u\000e\000s\000t\000i\000o\000n\000\040\0001\000:\000\040\000T\000e\000x\000t\000-\000t\000o\000-\000S\000Q\000L\000\040\000w\000i\000t\000h\000\040\000B\000A\000R\000T\000\040\000a\000n\000d\000\040\000G\000P\000T\000-\0002}{}% 3
\BOOKMARK [2][-]{subsection.4}{\376\377\000I\000n\000t\000r\000o\000d\000u\000c\000t\000i\000o\000n}{section.3}% 4
\BOOKMARK [2][-]{subsection.5}{\376\377\000M\000e\000t\000h\000o\000d\000o\000l\000o\000g\000y}{section.3}% 5
\BOOKMARK [3][-]{subsubsection.6}{\376\377\000D\000a\000t\000a\000s\000e\000t\000\040\000a\000n\000d\000\040\000P\000r\000e\000p\000r\000o\000c\000e\000s\000s\000i\000n\000g}{subsection.5}% 6
\BOOKMARK [3][-]{subsubsection.11}{\376\377\000M\000o\000d\000e\000l\000s\000\040\000a\000n\000d\000\040\000T\000r\000a\000i\000n\000i\000n\000g}{subsection.5}% 7
\BOOKMARK [3][-]{subsubsection.16}{\376\377\000P\000a\000r\000t\000\040\0001\000:\000\040\000D\000a\000t\000a\000s\000e\000t\000\040\000L\000o\000a\000d\000i\000n\000g\000\040\000a\000n\000d\000\040\000P\000r\000e\000p\000r\000o\000c\000e\000s\000s\000i\000n\000g}{subsection.5}% 8
\BOOKMARK [3][-]{subsubsection.17}{\376\377\000P\000a\000r\000t\000\040\0002\000:\000\040\000T\000r\000a\000i\000n\000i\000n\000g\000\040\000E\000n\000c\000o\000d\000e\000r\000-\000D\000e\000c\000o\000d\000e\000r\000\040\000M\000o\000d\000e\000l\000\040\000\050\000B\000A\000R\000T\000\051}{subsection.5}% 9
\BOOKMARK [3][-]{subsubsection.22}{\376\377\000P\000a\000r\000t\000\040\0003\000:\000\040\000T\000r\000a\000i\000n\000i\000n\000g\000\040\000D\000e\000c\000o\000d\000e\000r\000-\000o\000n\000l\000y\000\040\000M\000o\000d\000e\000l\000\040\000\050\000G\000P\000T\000-\0002\000\051}{subsection.5}% 10
\BOOKMARK [3][-]{subsubsection.26}{\376\377\000P\000a\000r\000t\000\040\0004\000:\000\040\000F\000i\000n\000a\000l\000\040\000C\000o\000m\000p\000a\000r\000i\000s\000o\000n\000\040\000a\000n\000d\000\040\000A\000n\000a\000l\000y\000s\000i\000s}{subsection.5}% 11
\BOOKMARK [2][-]{subsection.27}{\376\377\000R\000e\000s\000u\000l\000t\000s}{section.3}% 12
\BOOKMARK [2][-]{subsection.34}{\376\377\000A\000n\000a\000l\000y\000s\000i\000s}{section.3}% 13
\BOOKMARK [3][-]{subsubsection.35}{\376\377\000A\000r\000c\000h\000i\000t\000e\000c\000t\000u\000r\000e\000\040\000C\000o\000m\000p\000a\000r\000i\000s\000o\000n}{subsection.34}% 14
\BOOKMARK [3][-]{subsubsection.36}{\376\377\000E\000r\000r\000o\000r\000\040\000A\000n\000a\000l\000y\000s\000i\000s}{subsection.34}% 15
\BOOKMARK [3][-]{subsubsection.37}{\376\377\000S\000c\000h\000e\000m\000a\000\040\000U\000t\000i\000l\000i\000z\000a\000t\000i\000o\000n}{subsection.34}% 16
\BOOKMARK [3][-]{subsubsection.38}{\376\377\000R\000e\000a\000s\000o\000n\000s\000\040\000f\000o\000r\000\040\000D\000i\000f\000f\000e\000r\000e\000n\000t\000\040\000B\000e\000h\000a\000v\000i\000o\000r\000s}{subsection.34}% 17
\BOOKMARK [3][-]{subsubsection.41}{\376\377\000N\000o\000r\000m\000a\000l\000i\000z\000a\000t\000i\000o\000n\000\040\000I\000m\000p\000a\000c\000t}{subsection.34}% 18
\BOOKMARK [3][-]{subsubsection.42}{\376\377\000C\000o\000n\000c\000l\000u\000s\000i\000o\000n\000\040\000a\000n\000d\000\040\000R\000e\000c\000o\000m\000m\000e\000n\000d\000a\000t\000i\000o\000n\000s}{subsection.34}% 19
\BOOKMARK [1][-]{section.43}{\376\377\000Q\000u\000e\000s\000t\000i\000o\000n\000\040\0002\000:\000\040\000I\000m\000p\000r\000o\000v\000i\000n\000g\000\040\000I\000n\000s\000t\000r\000u\000c\000t\000i\000o\000n\000-\000F\000o\000l\000l\000o\000w\000i\000n\000g\000\040\000w\000i\000t\000h\000\040\000L\000o\000R\000A}{}% 20
\BOOKMARK [2][-]{subsection.44}{\376\377\000I\000n\000t\000r\000o\000d\000u\000c\000t\000i\000o\000n}{section.43}% 21
\BOOKMARK [2][-]{subsection.45}{\376\377\000M\000e\000t\000h\000o\000d\000o\000l\000o\000g\000y}{section.43}% 22
\BOOKMARK [3][-]{subsubsection.46}{\376\377\000D\000a\000t\000a\000s\000e\000t\000\040\000P\000r\000e\000p\000a\000r\000a\000t\000i\000o\000n}{subsection.45}% 23
\BOOKMARK [3][-]{subsubsection.47}{\376\377\000T\000o\000k\000e\000n\000i\000z\000e\000r\000\040\000A\000n\000a\000l\000y\000s\000i\000s\000\040\000a\000n\000d\000\040\000M\000o\000d\000e\000l\000\040\000S\000e\000l\000e\000c\000t\000i\000o\000n}{subsection.45}% 24
\BOOKMARK [3][-]{subsubsection.48}{\376\377\000L\000o\000R\000A\000\040\000C\000o\000n\000f\000i\000g\000u\000r\000a\000t\000i\000o\000n\000\040\000a\000n\000d\000\040\000I\000m\000p\000l\000e\000m\000e\000n\000t\000a\000t\000i\000o\000n}{subsection.45}% 25
\BOOKMARK [3][-]{subsubsection.49}{\376\377\000T\000r\000a\000i\000n\000i\000n\000g\000\040\000S\000e\000t\000u\000p}{subsection.45}% 26
\BOOKMARK [2][-]{subsection.59}{\376\377\000R\000e\000s\000u\000l\000t\000s}{section.43}% 27
\BOOKMARK [3][-]{subsubsection.60}{\376\377\000Q\000u\000a\000l\000i\000t\000a\000t\000i\000v\000e\000\040\000E\000v\000a\000l\000u\000a\000t\000i\000o\000n}{subsection.59}% 28
\BOOKMARK [3][-]{subsubsection.65}{\376\377\000Q\000u\000a\000n\000t\000i\000t\000a\000t\000i\000v\000e\000\040\000E\000v\000a\000l\000u\000a\000t\000i\000o\000n\000\040\000w\000i\000t\000h\000\040\000I\000F\000E\000v\000a\000l}{subsection.59}% 29
\BOOKMARK [2][-]{subsection.70}{\376\377\000D\000i\000s\000c\000u\000s\000s\000i\000o\000n}{section.43}% 30
\BOOKMARK [3][-]{subsubsection.71}{\376\377\000E\000f\000f\000i\000c\000i\000e\000n\000c\000y\000\040\000o\000f\000\040\000L\000o\000R\000A}{subsection.70}% 31
\BOOKMARK [3][-]{subsubsection.72}{\376\377\000I\000m\000p\000o\000r\000t\000a\000n\000c\000e\000\040\000o\000f\000\040\000C\000h\000a\000t\000\040\000T\000e\000m\000p\000l\000a\000t\000e\000s}{subsection.70}% 32
\BOOKMARK [3][-]{subsubsection.73}{\376\377\000D\000a\000t\000a\000s\000e\000t\000\040\000Q\000u\000a\000l\000i\000t\000y\000\040\000a\000n\000d\000\040\000Q\000u\000a\000n\000t\000i\000t\000y}{subsection.70}% 33
\BOOKMARK [3][-]{subsubsection.74}{\376\377\000L\000i\000m\000i\000t\000a\000t\000i\000o\000n\000s\000\040\000a\000n\000d\000\040\000F\000u\000t\000u\000r\000e\000\040\000W\000o\000r\000k}{subsection.70}% 34
\BOOKMARK [3][-]{subsubsection.75}{\376\377\000C\000o\000n\000c\000l\000u\000s\000i\000o\000n\000\040\000a\000n\000d\000\040\000R\000e\000c\000o\000m\000m\000e\000n\000d\000a\000t\000i\000o\000n\000s}{subsection.70}% 35
\BOOKMARK [1][-]{section.76}{\376\377\000R\000e\000l\000a\000t\000e\000d\000\040\000W\000o\000r\000k}{}% 36
\BOOKMARK [2][-]{subsection.77}{\376\377\000T\000e\000x\000t\000-\000t\000o\000-\000S\000Q\000L\000\040\000G\000e\000n\000e\000r\000a\000t\000i\000o\000n}{section.76}% 37
\BOOKMARK [2][-]{subsection.78}{\376\377\000I\000n\000s\000t\000r\000u\000c\000t\000i\000o\000n\000-\000F\000o\000l\000l\000o\000w\000i\000n\000g\000\040\000F\000i\000n\000e\000-\000T\000u\000n\000i\000n\000g}{section.76}% 38
\BOOKMARK [1][-]{section.79}{\376\377\000C\000o\000n\000c\000l\000u\000s\000i\000o\000n}{}% 39
\BOOKMARK [1][-]{section.80}{\376\377\000F\000u\000t\000u\000r\000e\000\040\000W\000o\000r\000k\000\040\000a\000n\000d\000\040\000L\000i\000m\000i\000t\000a\000t\000i\000o\000n\000s}{}% 40
\BOOKMARK [2][-]{subsection.81}{\376\377\000L\000i\000m\000i\000t\000a\000t\000i\000o\000n\000s}{section.80}% 41
\BOOKMARK [2][-]{subsection.82}{\376\377\000F\000u\000t\000u\000r\000e\000\040\000D\000i\000r\000e\000c\000t\000i\000o\000n\000s}{section.80}% 42
\BOOKMARK [1][-]{section*.84}{\376\377\000R\000e\000f\000e\000r\000e\000n\000c\000e\000s}{}% 43
