\BOOKMARK [1][-]{section.1}{\376\377\000I\000n\000t\000r\000o\000d\000u\000c\000t\000i\000o\000n}{}% 1
\BOOKMARK [2][-]{subsection.1.1}{\376\377\000R\000e\000l\000a\000t\000e\000d\000\040\000W\000o\000r\000k}{section.1}% 2
\BOOKMARK [2][-]{subsection.1.2}{\376\377\000C\000o\000n\000t\000r\000i\000b\000u\000t\000i\000o\000n\000s}{section.1}% 3
\BOOKMARK [1][-]{section.2}{\376\377\000M\000e\000t\000h\000o\000d\000s}{}% 4
\BOOKMARK [2][-]{subsection.2.1}{\376\377\000A\000g\000e\000n\000t\000\040\000A\000r\000c\000h\000i\000t\000e\000c\000t\000u\000r\000e}{section.2}% 5
\BOOKMARK [3][-]{subsubsection.2.1.1}{\376\377\000L\000a\000n\000g\000u\000a\000g\000e\000\040\000M\000o\000d\000e\000l\000\040\000C\000o\000r\000e}{subsection.2.1}% 6
\BOOKMARK [3][-]{subsubsection.2.1.2}{\376\377\000T\000o\000o\000l\000\040\000I\000n\000t\000e\000g\000r\000a\000t\000i\000o\000n}{subsection.2.1}% 7
\BOOKMARK [3][-]{subsubsection.2.1.3}{\376\377\000H\000u\000m\000a\000n\000-\000i\000n\000-\000t\000h\000e\000-\000L\000o\000o\000p\000\040\000S\000a\000f\000e\000t\000y}{subsection.2.1}% 8
\BOOKMARK [2][-]{subsection.2.2}{\376\377\000E\000v\000a\000l\000u\000a\000t\000i\000o\000n\000\040\000F\000r\000a\000m\000e\000w\000o\000r\000k}{section.2}% 9
\BOOKMARK [3][-]{subsubsection.2.2.1}{\376\377\000L\000e\000g\000a\000c\000y\000\040\000C\000S\000V\000\040\000P\000r\000o\000c\000e\000s\000s\000o\000r}{subsection.2.2}% 10
\BOOKMARK [3][-]{subsubsection.2.2.2}{\376\377\000T\000i\000n\000y\000R\000A\000G\000\040\000S\000y\000s\000t\000e\000m}{subsection.2.2}% 11
\BOOKMARK [3][-]{subsubsection.2.2.3}{\376\377\000B\000i\000g\000r\000a\000m\000\040\000L\000a\000n\000g\000u\000a\000g\000e\000\040\000M\000o\000d\000e\000l}{subsection.2.2}% 12
\BOOKMARK [2][-]{subsection.2.3}{\376\377\000A\000s\000s\000e\000s\000s\000m\000e\000n\000t\000\040\000M\000e\000t\000r\000i\000c\000s}{section.2}% 13
\BOOKMARK [1][-]{section.3}{\376\377\000R\000e\000s\000u\000l\000t\000s}{}% 14
\BOOKMARK [2][-]{subsection.3.1}{\376\377\000P\000r\000o\000j\000e\000c\000t\000\040\0001\000:\000\040\000L\000e\000g\000a\000c\000y\000\040\000C\000S\000V\000\040\000P\000r\000o\000c\000e\000s\000s\000o\000r}{section.3}% 15
\BOOKMARK [3][-]{subsubsection.3.1.1}{\376\377\000D\000a\000t\000e\000\040\000P\000a\000r\000s\000i\000n\000g\000\040\000E\000n\000h\000a\000n\000c\000e\000m\000e\000n\000t}{subsection.3.1}% 16
\BOOKMARK [3][-]{subsubsection.3.1.2}{\376\377\000S\000t\000a\000t\000i\000s\000t\000i\000c\000a\000l\000\040\000A\000n\000a\000l\000y\000s\000i\000s\000\040\000I\000m\000p\000r\000o\000v\000e\000m\000e\000n\000t\000s}{subsection.3.1}% 17
\BOOKMARK [2][-]{subsection.3.2}{\376\377\000P\000r\000o\000j\000e\000c\000t\000\040\0002\000:\000\040\000T\000i\000n\000y\000R\000A\000G\000\040\000V\000e\000c\000t\000o\000r\000\040\000S\000e\000a\000r\000c\000h}{section.3}% 18
\BOOKMARK [3][-]{subsubsection.3.2.1}{\376\377\000C\000o\000s\000i\000n\000e\000\040\000S\000i\000m\000i\000l\000a\000r\000i\000t\000y\000\040\000C\000o\000r\000r\000e\000c\000t\000i\000o\000n}{subsection.3.2}% 19
\BOOKMARK [3][-]{subsubsection.3.2.2}{\376\377\000T\000F\000-\000I\000D\000F\000\040\000I\000n\000t\000e\000g\000r\000a\000t\000i\000o\000n}{subsection.3.2}% 20
\BOOKMARK [2][-]{subsection.3.3}{\376\377\000P\000r\000o\000j\000e\000c\000t\000\040\0003\000:\000\040\000B\000i\000g\000r\000a\000m\000\040\000L\000a\000n\000g\000u\000a\000g\000e\000\040\000M\000o\000d\000e\000l}{section.3}% 21
\BOOKMARK [3][-]{subsubsection.3.3.1}{\376\377\000L\000a\000p\000l\000a\000c\000e\000\040\000S\000m\000o\000o\000t\000h\000i\000n\000g\000\040\000I\000m\000p\000l\000e\000m\000e\000n\000t\000a\000t\000i\000o\000n}{subsection.3.3}% 22
\BOOKMARK [3][-]{subsubsection.3.3.2}{\376\377\000T\000e\000m\000p\000e\000r\000a\000t\000u\000r\000e\000\040\000S\000a\000m\000p\000l\000i\000n\000g}{subsection.3.3}% 23
\BOOKMARK [2][-]{subsection.3.4}{\376\377\000Q\000u\000a\000n\000t\000i\000t\000a\000t\000i\000v\000e\000\040\000P\000e\000r\000f\000o\000r\000m\000a\000n\000c\000e}{section.3}% 24
\BOOKMARK [2][-]{subsection.3.5}{\376\377\000D\000e\000t\000a\000i\000l\000e\000d\000\040\000A\000g\000e\000n\000t\000\040\000R\000e\000a\000s\000o\000n\000i\000n\000g\000\040\000A\000n\000a\000l\000y\000s\000i\000s}{section.3}% 25
\BOOKMARK [3][-]{subsubsection.3.5.1}{\376\377\000P\000r\000o\000b\000l\000e\000m\000\040\000I\000d\000e\000n\000t\000i\000f\000i\000c\000a\000t\000i\000o\000n\000\040\000a\000n\000d\000\040\000I\000n\000i\000t\000i\000a\000l\000\040\000A\000s\000s\000e\000s\000s\000m\000e\000n\000t}{subsection.3.5}% 26
\BOOKMARK [3][-]{subsubsection.3.5.2}{\376\377\000R\000o\000o\000t\000\040\000C\000a\000u\000s\000e\000\040\000A\000n\000a\000l\000y\000s\000i\000s\000\040\000a\000n\000d\000\040\000P\000a\000t\000t\000e\000r\000n\000\040\000R\000e\000c\000o\000g\000n\000i\000t\000i\000o\000n}{subsection.3.5}% 27
\BOOKMARK [3][-]{subsubsection.3.5.3}{\376\377\000S\000o\000l\000u\000t\000i\000o\000n\000\040\000D\000e\000s\000i\000g\000n\000\040\000a\000n\000d\000\040\000I\000m\000p\000l\000e\000m\000e\000n\000t\000a\000t\000i\000o\000n\000\040\000S\000t\000r\000a\000t\000e\000g\000y}{subsection.3.5}% 28
\BOOKMARK [3][-]{subsubsection.3.5.4}{\376\377\000A\000d\000a\000p\000t\000i\000v\000e\000\040\000E\000x\000e\000c\000u\000t\000i\000o\000n\000\040\000a\000n\000d\000\040\000R\000e\000a\000l\000-\000t\000i\000m\000e\000\040\000S\000t\000r\000a\000t\000e\000g\000y\000\040\000A\000d\000j\000u\000s\000t\000m\000e\000n\000t}{subsection.3.5}% 29
\BOOKMARK [3][-]{subsubsection.3.5.5}{\376\377\000C\000o\000m\000p\000r\000e\000h\000e\000n\000s\000i\000v\000e\000\040\000V\000a\000l\000i\000d\000a\000t\000i\000o\000n\000\040\000a\000n\000d\000\040\000Q\000u\000a\000l\000i\000t\000y\000\040\000A\000s\000s\000u\000r\000a\000n\000c\000e}{subsection.3.5}% 30
\BOOKMARK [3][-]{subsubsection.3.5.6}{\376\377\000M\000e\000t\000a\000-\000L\000e\000a\000r\000n\000i\000n\000g\000\040\000a\000n\000d\000\040\000P\000r\000o\000c\000e\000s\000s\000\040\000I\000m\000p\000r\000o\000v\000e\000m\000e\000n\000t}{subsection.3.5}% 31
\BOOKMARK [3][-]{subsubsection.3.5.7}{\376\377\000Q\000u\000a\000n\000t\000i\000t\000a\000t\000i\000v\000e\000\040\000A\000n\000a\000l\000y\000s\000i\000s\000\040\000o\000f\000\040\000A\000g\000e\000n\000t\000\040\000P\000e\000r\000f\000o\000r\000m\000a\000n\000c\000e}{subsection.3.5}% 32
\BOOKMARK [1][-]{section.4}{\376\377\000D\000i\000s\000c\000u\000s\000s\000i\000o\000n}{}% 33
\BOOKMARK [2][-]{subsection.4.1}{\376\377\000A\000g\000e\000n\000t\000\040\000C\000a\000p\000a\000b\000i\000l\000i\000t\000i\000e\000s\000\040\000A\000n\000a\000l\000y\000s\000i\000s}{section.4}% 34
\BOOKMARK [3][-]{subsubsection.4.1.1}{\376\377\000M\000a\000t\000h\000e\000m\000a\000t\000i\000c\000a\000l\000\040\000R\000e\000a\000s\000o\000n\000i\000n\000g}{subsection.4.1}% 35
\BOOKMARK [3][-]{subsubsection.4.1.2}{\376\377\000S\000y\000s\000t\000e\000m\000a\000t\000i\000c\000\040\000D\000e\000b\000u\000g\000g\000i\000n\000g}{subsection.4.1}% 36
\BOOKMARK [3][-]{subsubsection.4.1.3}{\376\377\000C\000o\000d\000e\000\040\000Q\000u\000a\000l\000i\000t\000y\000\040\000E\000n\000h\000a\000n\000c\000e\000m\000e\000n\000t}{subsection.4.1}% 37
\BOOKMARK [2][-]{subsection.4.2}{\376\377\000D\000e\000t\000a\000i\000l\000e\000d\000\040\000R\000e\000a\000s\000o\000n\000i\000n\000g\000\040\000P\000r\000o\000c\000e\000s\000s\000\040\000A\000n\000a\000l\000y\000s\000i\000s}{section.4}% 38
\BOOKMARK [3][-]{subsubsection.4.2.1}{\376\377\000P\000r\000o\000b\000l\000e\000m\000\040\000D\000e\000c\000o\000m\000p\000o\000s\000i\000t\000i\000o\000n\000\040\000a\000n\000d\000\040\000S\000t\000r\000a\000t\000e\000g\000y\000\040\000F\000o\000r\000m\000u\000l\000a\000t\000i\000o\000n}{subsection.4.2}% 39
\BOOKMARK [3][-]{subsubsection.4.2.2}{\376\377\000A\000d\000a\000p\000t\000i\000v\000e\000\040\000L\000e\000a\000r\000n\000i\000n\000g\000\040\000f\000r\000o\000m\000\040\000D\000e\000b\000u\000g\000g\000i\000n\000g\000\040\000P\000a\000t\000t\000e\000r\000n\000s}{subsection.4.2}% 40
\BOOKMARK [3][-]{subsubsection.4.2.3}{\376\377\000M\000u\000l\000t\000i\000-\000M\000o\000d\000a\000l\000\040\000R\000e\000a\000s\000o\000n\000i\000n\000g\000\040\000I\000n\000t\000e\000g\000r\000a\000t\000i\000o\000n}{subsection.4.2}% 41
\BOOKMARK [3][-]{subsubsection.4.2.4}{\376\377\000E\000r\000r\000o\000r\000\040\000R\000e\000c\000o\000v\000e\000r\000y\000\040\000a\000n\000d\000\040\000R\000e\000s\000i\000l\000i\000e\000n\000c\000e\000\040\000P\000a\000t\000t\000e\000r\000n\000s}{subsection.4.2}% 42
\BOOKMARK [3][-]{subsubsection.4.2.5}{\376\377\000P\000e\000r\000f\000o\000r\000m\000a\000n\000c\000e\000\040\000O\000p\000t\000i\000m\000i\000z\000a\000t\000i\000o\000n\000\040\000R\000e\000a\000s\000o\000n\000i\000n\000g}{subsection.4.2}% 43
\BOOKMARK [3][-]{subsubsection.4.2.6}{\376\377\000K\000n\000o\000w\000l\000e\000d\000g\000e\000\040\000I\000n\000t\000e\000g\000r\000a\000t\000i\000o\000n\000\040\000a\000n\000d\000\040\000S\000y\000n\000t\000h\000e\000s\000i\000s}{subsection.4.2}% 44
\BOOKMARK [3][-]{subsubsection.4.2.7}{\376\377\000Q\000u\000a\000n\000t\000i\000t\000a\000t\000i\000v\000e\000\040\000R\000e\000a\000s\000o\000n\000i\000n\000g\000\040\000M\000e\000t\000r\000i\000c\000s}{subsection.4.2}% 45
\BOOKMARK [2][-]{subsection.4.3}{\376\377\000L\000i\000m\000i\000t\000a\000t\000i\000o\000n\000s\000\040\000a\000n\000d\000\040\000F\000u\000t\000u\000r\000e\000\040\000W\000o\000r\000k}{section.4}% 46
\BOOKMARK [3][-]{subsubsection.4.3.1}{\376\377\000C\000u\000r\000r\000e\000n\000t\000\040\000L\000i\000m\000i\000t\000a\000t\000i\000o\000n\000s}{subsection.4.3}% 47
\BOOKMARK [3][-]{subsubsection.4.3.2}{\376\377\000F\000u\000t\000u\000r\000e\000\040\000E\000n\000h\000a\000n\000c\000e\000m\000e\000n\000t\000s}{subsection.4.3}% 48
\BOOKMARK [2][-]{subsection.4.4}{\376\377\000I\000m\000p\000l\000i\000c\000a\000t\000i\000o\000n\000s\000\040\000f\000o\000r\000\040\000S\000o\000f\000t\000w\000a\000r\000e\000\040\000E\000n\000g\000i\000n\000e\000e\000r\000i\000n\000g}{section.4}% 49
\BOOKMARK [1][-]{section.5}{\376\377\000C\000o\000n\000c\000l\000u\000s\000i\000o\000n}{}% 50
\BOOKMARK [1][-]{section.6}{\376\377\000R\000e\000f\000e\000r\000e\000n\000c\000e\000s}{}% 51
\BOOKMARK [1][-]{section.7}{\376\377\000I\000n\000t\000r\000o\000d\000u\000c\000t\000i\000o\000n}{}% 52
\BOOKMARK [1][-]{section.8}{\376\377\000C\000o\000d\000i\000n\000g\000\040\000A\000g\000e\000n\000t\000\040\000I\000m\000p\000l\000e\000m\000e\000n\000t\000a\000t\000i\000o\000n\000\040\000\050\0001\0000\0000\000\040\000P\000o\000i\000n\000t\000s\000\051}{}% 53
\BOOKMARK [2][-]{subsection.8.1}{\376\377\000T\000o\000o\000l\000\040\000D\000e\000v\000e\000l\000o\000p\000m\000e\000n\000t\000\040\000\050\0002\0005\000\040\000P\000o\000i\000n\000t\000s\000\051}{section.8}% 54
\BOOKMARK [2][-]{subsection.8.2}{\376\377\000G\000r\000a\000p\000h\000\040\000D\000e\000s\000i\000g\000n\000\040\000a\000n\000d\000\040\000S\000t\000a\000t\000e\000\040\000M\000a\000n\000a\000g\000e\000m\000e\000n\000t\000\040\000\050\0002\0005\000\040\000P\000o\000i\000n\000t\000s\000\051}{section.8}% 55
\BOOKMARK [2][-]{subsection.8.3}{\376\377\000H\000u\000m\000a\000n\000\040\000I\000n\000\040\000T\000h\000e\000\040\000L\000o\000o\000p\000\040\000\050\000H\000I\000T\000L\000\051\000\040\000\050\0001\0005\000\040\000P\000o\000i\000n\000t\000s\000\051}{section.8}% 56
\BOOKMARK [2][-]{subsection.8.4}{\376\377\000M\000e\000m\000o\000r\000y\000\040\000M\000a\000n\000a\000g\000e\000m\000e\000n\000t\000\040\000\050\0001\0000\000\040\000P\000o\000i\000n\000t\000s\000\051}{section.8}% 57
\BOOKMARK [2][-]{subsection.8.5}{\376\377\000C\000L\000I\000\040\000D\000e\000v\000e\000l\000o\000p\000m\000e\000n\000t\000\040\000\050\0001\0005\000\040\000P\000o\000i\000n\000t\000s\000\051}{section.8}% 58
\BOOKMARK [2][-]{subsection.8.6}{\376\377\000A\000g\000e\000n\000t\000\040\000D\000e\000b\000u\000g\000g\000i\000n\000g\000\040\000a\000n\000d\000\040\000F\000i\000x\000e\000s}{section.8}% 59
\BOOKMARK [1][-]{section.9}{\376\377\000B\000o\000n\000u\000s\000\040\000I\000m\000p\000l\000e\000m\000e\000n\000t\000a\000t\000i\000o\000n\000\040\000\050\0001\0005\000\040\000P\000o\000i\000n\000t\000s\000\051}{}% 60
\BOOKMARK [2][-]{subsection.9.1}{\376\377\000U\000s\000a\000g\000e\000\040\000T\000r\000a\000c\000k\000e\000r\000\040\000\050\0005\000\040\000P\000o\000i\000n\000t\000s\000\051}{section.9}% 61
\BOOKMARK [2][-]{subsection.9.2}{\376\377\000S\000m\000a\000r\000t\000\040\000C\000o\000n\000t\000e\000x\000t\000\040\000M\000a\000n\000a\000g\000e\000m\000e\000n\000t\000\040\000\050\0005\000\040\000P\000o\000i\000n\000t\000s\000\051}{section.9}% 62
\BOOKMARK [2][-]{subsection.9.3}{\376\377\000S\000e\000s\000s\000i\000o\000n\000\040\000S\000a\000v\000e\000\040\000a\000n\000d\000\040\000R\000e\000s\000t\000o\000r\000e\000\040\000\050\0005\000\040\000P\000o\000i\000n\000t\000s\000\051}{section.9}% 63
\BOOKMARK [2][-]{subsection.9.4}{\376\377\000G\000i\000t\000\040\000I\000n\000t\000e\000g\000r\000a\000t\000i\000o\000n\000\040\000\050\000B\000o\000n\000u\000s\000\051}{section.9}% 64
\BOOKMARK [2][-]{subsection.9.5}{\376\377\000C\000o\000d\000e\000\040\000S\000e\000a\000r\000c\000h\000\040\000w\000i\000t\000h\000\040\000G\000r\000e\000p\000\040\000\050\000B\000o\000n\000u\000s\000\051}{section.9}% 65
\BOOKMARK [2][-]{subsection.9.6}{\376\377\000A\000u\000t\000o\000m\000a\000t\000i\000c\000\040\000L\000i\000n\000t\000i\000n\000g\000\040\000\050\000B\000o\000n\000u\000s\000\051}{section.9}% 66
\BOOKMARK [2][-]{subsection.9.7}{\376\377\000P\000l\000a\000n\000n\000i\000n\000g\000\040\000S\000c\000r\000a\000t\000c\000h\000p\000a\000d\000\040\000\050\000B\000o\000n\000u\000s\000\051}{section.9}% 67
\BOOKMARK [1][-]{section.10}{\376\377\000A\000g\000e\000n\000t\000\040\000E\000v\000a\000l\000u\000a\000t\000i\000o\000n\000\040\000a\000n\000d\000\040\000R\000e\000s\000u\000l\000t\000s}{}% 68
\BOOKMARK [2][-]{subsection.10.1}{\376\377\000P\000r\000o\000j\000e\000c\000t\000\040\0001\000:\000\040\000L\000e\000g\000a\000c\000y\000\040\000C\000S\000V\000\040\000P\000r\000o\000c\000e\000s\000s\000o\000r\000\040\000-\000\040\000C\000o\000m\000p\000r\000e\000h\000e\000n\000s\000i\000v\000e\000\040\000A\000n\000a\000l\000y\000s\000i\000s}{section.10}% 69
\BOOKMARK [3][-]{subsubsection.10.1.1}{\376\377\000P\000r\000o\000b\000l\000e\000m\000\040\000S\000t\000a\000t\000e\000m\000e\000n\000t\000\040\000a\000n\000d\000\040\000I\000n\000i\000t\000i\000a\000l\000\040\000A\000s\000s\000e\000s\000s\000m\000e\000n\000t}{subsection.10.1}% 70
\BOOKMARK [3][-]{subsubsection.10.1.2}{\376\377\000D\000e\000t\000a\000i\000l\000e\000d\000\040\000C\000o\000d\000e\000\040\000A\000n\000a\000l\000y\000s\000i\000s\000\040\000a\000n\000d\000\040\000A\000g\000e\000n\000t\000\040\000D\000e\000b\000u\000g\000g\000i\000n\000g\000\040\000P\000r\000o\000c\000e\000s\000s}{subsection.10.1}% 71
\BOOKMARK [3][-]{subsubsection.10.1.3}{\376\377\000A\000n\000a\000l\000y\000z\000e\000r\000\040\000M\000o\000d\000u\000l\000e\000\040\000E\000n\000h\000a\000n\000c\000e\000m\000e\000n\000t\000\040\000\050\000s\000r\000c\000/\000a\000n\000a\000l\000y\000z\000e\000r\000.\000p\000y\000\051}{subsection.10.1}% 72
\BOOKMARK [3][-]{subsubsection.10.1.4}{\376\377\000D\000a\000t\000e\000\040\000P\000r\000o\000c\000e\000s\000s\000i\000n\000g\000\040\000F\000e\000a\000t\000u\000r\000e\000\040\000A\000d\000d\000i\000t\000i\000o\000n}{subsection.10.1}% 73
\BOOKMARK [3][-]{subsubsection.10.1.5}{\376\377\000S\000t\000a\000t\000i\000s\000t\000i\000c\000a\000l\000\040\000F\000u\000n\000c\000t\000i\000o\000n\000s\000\040\000E\000n\000h\000a\000n\000c\000e\000m\000e\000n\000t}{subsection.10.1}% 74
\BOOKMARK [3][-]{subsubsection.10.1.6}{\376\377\000C\000o\000m\000p\000r\000e\000h\000e\000n\000s\000i\000v\000e\000\040\000T\000e\000s\000t\000i\000n\000g\000\040\000S\000t\000r\000a\000t\000e\000g\000y}{subsection.10.1}% 75
\BOOKMARK [3][-]{subsubsection.10.1.7}{\376\377\000A\000g\000e\000n\000t\000'\000s\000\040\000P\000r\000o\000b\000l\000e\000m\000-\000S\000o\000l\000v\000i\000n\000g\000\040\000M\000e\000t\000h\000o\000d\000o\000l\000o\000g\000y}{subsection.10.1}% 76
\BOOKMARK [3][-]{subsubsection.10.1.8}{\376\377\000F\000i\000n\000a\000l\000\040\000T\000e\000s\000t\000\040\000R\000e\000s\000u\000l\000t\000s\000\040\000a\000n\000d\000\040\000V\000a\000l\000i\000d\000a\000t\000i\000o\000n}{subsection.10.1}% 77
\BOOKMARK [2][-]{subsection.10.2}{\376\377\000P\000r\000o\000j\000e\000c\000t\000\040\0002\000:\000\040\000T\000i\000n\000y\000R\000A\000G\000\040\000S\000e\000a\000r\000c\000h\000\040\000S\000y\000s\000t\000e\000m\000\040\000-\000\040\000V\000e\000c\000t\000o\000r\000\040\000R\000e\000t\000r\000i\000e\000v\000a\000l\000\040\000A\000n\000a\000l\000y\000s\000i\000s}{section.10}% 78
\BOOKMARK [3][-]{subsubsection.10.2.1}{\376\377\000P\000r\000o\000b\000l\000e\000m\000\040\000S\000t\000a\000t\000e\000m\000e\000n\000t\000\040\000a\000n\000d\000\040\000V\000e\000c\000t\000o\000r\000\040\000S\000e\000a\000r\000c\000h\000\040\000F\000u\000n\000d\000a\000m\000e\000n\000t\000a\000l\000s}{subsection.10.2}% 79
\BOOKMARK [3][-]{subsubsection.10.2.2}{\376\377\000M\000a\000t\000h\000e\000m\000a\000t\000i\000c\000a\000l\000\040\000F\000o\000u\000n\000d\000a\000t\000i\000o\000n\000\040\000o\000f\000\040\000V\000e\000c\000t\000o\000r\000\040\000S\000e\000a\000r\000c\000h}{subsection.10.2}% 80
\BOOKMARK [3][-]{subsubsection.10.2.3}{\376\377\000P\000h\000a\000s\000e\000\040\0001\000:\000\040\000C\000o\000s\000i\000n\000e\000\040\000S\000i\000m\000i\000l\000a\000r\000i\000t\000y\000\040\000C\000o\000r\000r\000e\000c\000t\000i\000o\000n}{subsection.10.2}% 81
\BOOKMARK [3][-]{subsubsection.10.2.4}{\376\377\000P\000h\000a\000s\000e\000\040\0002\000:\000\040\000T\000F\000-\000I\000D\000F\000\040\000W\000e\000i\000g\000h\000t\000i\000n\000g\000\040\000a\000n\000d\000\040\000T\000e\000x\000t\000\040\000P\000r\000e\000p\000r\000o\000c\000e\000s\000s\000i\000n\000g}{subsection.10.2}% 82
\BOOKMARK [3][-]{subsubsection.10.2.5}{\376\377\000P\000h\000a\000s\000e\000\040\0003\000:\000\040\000I\000n\000t\000e\000l\000l\000i\000g\000e\000n\000t\000\040\000C\000h\000u\000n\000k\000i\000n\000g\000\040\000S\000t\000r\000a\000t\000e\000g\000y}{subsection.10.2}% 83
\BOOKMARK [3][-]{subsubsection.10.2.6}{\376\377\000V\000e\000c\000t\000o\000r\000\040\000S\000e\000a\000r\000c\000h\000\040\000I\000n\000t\000e\000g\000r\000a\000t\000i\000o\000n\000\040\000a\000n\000d\000\040\000T\000e\000s\000t\000i\000n\000g}{subsection.10.2}% 84
\BOOKMARK [3][-]{subsubsection.10.2.7}{\376\377\000C\000o\000m\000p\000r\000e\000h\000e\000n\000s\000i\000v\000e\000\040\000T\000e\000s\000t\000i\000n\000g\000\040\000a\000n\000d\000\040\000V\000a\000l\000i\000d\000a\000t\000i\000o\000n}{subsection.10.2}% 85
\BOOKMARK [3][-]{subsubsection.10.2.8}{\376\377\000A\000g\000e\000n\000t\000'\000s\000\040\000T\000e\000c\000h\000n\000i\000c\000a\000l\000\040\000A\000n\000a\000l\000y\000s\000i\000s\000\040\000a\000n\000d\000\040\000S\000e\000s\000s\000i\000o\000n\000\040\000L\000o\000g\000s}{subsection.10.2}% 86
\BOOKMARK [3][-]{subsubsection.10.2.9}{\376\377\000F\000i\000n\000a\000l\000\040\000V\000a\000l\000i\000d\000a\000t\000i\000o\000n\000\040\000R\000e\000s\000u\000l\000t\000s}{subsection.10.2}% 87
\BOOKMARK [2][-]{subsection.10.3}{\376\377\000P\000r\000o\000j\000e\000c\000t\000\040\0003\000:\000\040\000B\000i\000g\000r\000a\000m\000\040\000L\000a\000n\000g\000u\000a\000g\000e\000\040\000M\000o\000d\000e\000l\000\040\000-\000\040\000P\000r\000o\000b\000a\000b\000i\000l\000i\000s\000t\000i\000c\000\040\000T\000e\000x\000t\000\040\000G\000e\000n\000e\000r\000a\000t\000i\000o\000n}{section.10}% 88
\BOOKMARK [3][-]{subsubsection.10.3.1}{\376\377\000P\000r\000o\000b\000l\000e\000m\000\040\000S\000t\000a\000t\000e\000m\000e\000n\000t\000\040\000a\000n\000d\000\040\000L\000a\000n\000g\000u\000a\000g\000e\000\040\000M\000o\000d\000e\000l\000i\000n\000g\000\040\000F\000u\000n\000d\000a\000m\000e\000n\000t\000a\000l\000s}{subsection.10.3}% 89
\BOOKMARK [3][-]{subsubsection.10.3.2}{\376\377\000M\000a\000t\000h\000e\000m\000a\000t\000i\000c\000a\000l\000\040\000F\000o\000u\000n\000d\000a\000t\000i\000o\000n\000\040\000o\000f\000\040\000N\000-\000G\000r\000a\000m\000\040\000M\000o\000d\000e\000l\000s}{subsection.10.3}% 90
\BOOKMARK [3][-]{subsubsection.10.3.3}{\376\377\000P\000h\000a\000s\000e\000\040\0001\000:\000\040\000L\000a\000p\000l\000a\000c\000e\000\040\000S\000m\000o\000o\000t\000h\000i\000n\000g\000\040\000I\000m\000p\000l\000e\000m\000e\000n\000t\000a\000t\000i\000o\000n}{subsection.10.3}% 91
\BOOKMARK [3][-]{subsubsection.10.3.4}{\376\377\000P\000h\000a\000s\000e\000\040\0002\000:\000\040\000L\000o\000g\000-\000P\000r\000o\000b\000a\000b\000i\000l\000i\000t\000y\000\040\000S\000c\000o\000r\000i\000n\000g\000\040\000f\000o\000r\000\040\000N\000u\000m\000e\000r\000i\000c\000a\000l\000\040\000S\000t\000a\000b\000i\000l\000i\000t\000y}{subsection.10.3}% 92
\BOOKMARK [3][-]{subsubsection.10.3.5}{\376\377\000P\000h\000a\000s\000e\000\040\0003\000:\000\040\000T\000e\000m\000p\000e\000r\000a\000t\000u\000r\000e\000\040\000S\000a\000m\000p\000l\000i\000n\000g\000\040\000f\000o\000r\000\040\000T\000e\000x\000t\000\040\000D\000i\000v\000e\000r\000s\000i\000t\000y}{subsection.10.3}% 93
\BOOKMARK [3][-]{subsubsection.10.3.6}{\376\377\000P\000h\000a\000s\000e\000\040\0004\000:\000\040\000T\000o\000p\000-\000N\000\040\000A\000n\000a\000l\000y\000s\000i\000s\000\040\000F\000e\000a\000t\000u\000r\000e}{subsection.10.3}% 94
\BOOKMARK [3][-]{subsubsection.10.3.7}{\376\377\000T\000r\000a\000i\000n\000i\000n\000g\000\040\000a\000n\000d\000\040\000V\000o\000c\000a\000b\000u\000l\000a\000r\000y\000\040\000M\000a\000n\000a\000g\000e\000m\000e\000n\000t}{subsection.10.3}% 95
\BOOKMARK [3][-]{subsubsection.10.3.8}{\376\377\000C\000o\000m\000p\000r\000e\000h\000e\000n\000s\000i\000v\000e\000\040\000T\000e\000s\000t\000i\000n\000g\000\040\000a\000n\000d\000\040\000V\000a\000l\000i\000d\000a\000t\000i\000o\000n}{subsection.10.3}% 96
\BOOKMARK [3][-]{subsubsection.10.3.9}{\376\377\000A\000g\000e\000n\000t\000'\000s\000\040\000P\000r\000o\000b\000a\000b\000i\000l\000i\000s\000t\000i\000c\000\040\000R\000e\000a\000s\000o\000n\000i\000n\000g\000\040\000a\000n\000d\000\040\000S\000e\000s\000s\000i\000o\000n\000\040\000L\000o\000g\000s}{subsection.10.3}% 97
\BOOKMARK [3][-]{subsubsection.10.3.10}{\376\377\000F\000i\000n\000a\000l\000\040\000V\000a\000l\000i\000d\000a\000t\000i\000o\000n\000\040\000a\000n\000d\000\040\000Q\000u\000a\000l\000i\000t\000y\000\040\000A\000s\000s\000e\000s\000s\000m\000e\000n\000t}{subsection.10.3}% 98
\BOOKMARK [1][-]{section.11}{\376\377\000E\000x\000e\000c\000u\000t\000i\000o\000n\000\040\000L\000o\000g\000s}{}% 99
\BOOKMARK [1][-]{section.12}{\376\377\000V\000i\000d\000e\000o\000\040\000D\000e\000m\000o\000n\000s\000t\000r\000a\000t\000i\000o\000n}{}% 100
\BOOKMARK [1][-]{section.13}{\376\377\000D\000e\000t\000a\000i\000l\000e\000d\000\040\000T\000e\000s\000t\000\040\000R\000e\000s\000u\000l\000t\000s}{}% 101
\BOOKMARK [1][-]{section.14}{\376\377\000F\000i\000l\000e\000s\000\040\000M\000o\000d\000i\000f\000i\000e\000d\000\040\000/\000\040\000C\000r\000e\000a\000t\000e\000d}{}% 102
\BOOKMARK [1][-]{section.15}{\376\377\000U\000s\000a\000g\000e\000\040\000R\000e\000p\000o\000r\000t}{}% 103
\BOOKMARK [1][-]{section.16}{\376\377\000H\000o\000w\000\040\000t\000o\000\040\000R\000e\000p\000r\000o\000d\000u\000c\000e}{}% 104
\BOOKMARK [1][-]{section.17}{\376\377\000D\000e\000l\000i\000v\000e\000r\000a\000b\000l\000e\000s}{}% 105
\BOOKMARK [1][-]{section.18}{\376\377\000G\000r\000a\000d\000i\000n\000g\000\040\000C\000r\000i\000t\000e\000r\000i\000a\000\040\000M\000a\000p\000p\000i\000n\000g\000\040\000a\000n\000d\000\040\000C\000h\000e\000c\000k\000l\000i\000s\000t}{}% 106
\BOOKMARK [1][-]{section.19}{\376\377\000C\000o\000m\000p\000r\000e\000h\000e\000n\000s\000i\000v\000e\000\040\000P\000r\000o\000j\000e\000c\000t\000\040\000D\000e\000s\000c\000r\000i\000p\000t\000i\000o\000n\000\040\000\050\000A\000p\000p\000e\000n\000d\000i\000x\000\051}{}% 107
\BOOKMARK [2][-]{subsection.19.1}{\376\377\000P\000r\000o\000j\000e\000c\000t\000\040\000O\000v\000e\000r\000v\000i\000e\000w}{section.19}% 108
\BOOKMARK [2][-]{subsection.19.2}{\376\377\000S\000y\000s\000t\000e\000m\000\040\000A\000r\000c\000h\000i\000t\000e\000c\000t\000u\000r\000e}{section.19}% 109
\BOOKMARK [2][-]{subsection.19.3}{\376\377\000K\000e\000y\000\040\000C\000o\000m\000p\000o\000n\000e\000n\000t\000s\000\040\000a\000n\000d\000\040\000C\000a\000p\000a\000b\000i\000l\000i\000t\000i\000e\000s}{section.19}% 110
\BOOKMARK [3][-]{subsubsection.19.3.1}{\376\377\000A\000.\000\040\000T\000o\000o\000l\000s\000e\000t\000\040\000\050\000T\000h\000e\000\040\000`\000`\000H\000a\000n\000d\000s\000'\000'\000\051}{subsection.19.3}% 111
\BOOKMARK [3][-]{subsubsection.19.3.2}{\376\377\000B\000.\000\040\000G\000r\000a\000p\000h\000\040\000D\000e\000s\000i\000g\000n\000\040\000a\000n\000d\000\040\000S\000t\000a\000t\000e\000\040\000M\000a\000n\000a\000g\000e\000m\000e\000n\000t\000\040\000\050\000T\000h\000e\000\040\000`\000`\000B\000r\000a\000i\000n\000'\000'\000\051}{subsection.19.3}% 112
\BOOKMARK [3][-]{subsubsection.19.3.3}{\376\377\000C\000.\000\040\000H\000u\000m\000a\000n\000-\000I\000n\000-\000T\000h\000e\000-\000L\000o\000o\000p\000\040\000\050\000S\000a\000f\000e\000t\000y\000\051}{subsection.19.3}% 113
\BOOKMARK [2][-]{subsection.19.4}{\376\377\000M\000e\000m\000o\000r\000y\000\040\000M\000a\000n\000a\000g\000e\000m\000e\000n\000t}{section.19}% 114
\BOOKMARK [2][-]{subsection.19.5}{\376\377\000E\000v\000a\000l\000u\000a\000t\000i\000o\000n\000\040\000P\000r\000o\000j\000e\000c\000t\000s\000\040\000\050\000d\000e\000t\000a\000i\000l\000e\000d\000\040\000c\000h\000e\000c\000k\000l\000i\000s\000t\000\051}{section.19}% 115
\BOOKMARK [2][-]{subsection.19.6}{\376\377\000B\000o\000n\000u\000s\000\040\000F\000e\000a\000t\000u\000r\000e\000s}{section.19}% 116
\BOOKMARK [2][-]{subsection.19.7}{\376\377\000R\000e\000p\000r\000o\000d\000u\000c\000i\000b\000i\000l\000i\000t\000y\000\040\000a\000n\000d\000\040\000D\000e\000l\000i\000v\000e\000r\000a\000b\000l\000e\000s}{section.19}% 117
\BOOKMARK [1][-]{section.20}{\376\377\000M\000e\000t\000h\000o\000d\000s\000\040\000a\000n\000d\000\040\000L\000i\000b\000r\000a\000r\000i\000e\000s\000\040\000\050\000I\000m\000p\000l\000e\000m\000e\000n\000t\000a\000t\000i\000o\000n\000\040\000D\000e\000t\000a\000i\000l\000s\000\051}{}% 118
\BOOKMARK [2][-]{subsection.20.1}{\376\377\000G\000r\000a\000p\000h\000-\000B\000a\000s\000e\000d\000\040\000C\000o\000n\000t\000r\000o\000l\000\040\000F\000l\000o\000w}{section.20}% 119
\BOOKMARK [2][-]{subsection.20.2}{\376\377\000H\000u\000m\000a\000n\000-\000i\000n\000-\000t\000h\000e\000-\000L\000o\000o\000p\000\040\000\050\000H\000I\000T\000L\000\051}{section.20}% 120
\BOOKMARK [2][-]{subsection.20.3}{\376\377\000L\000i\000b\000r\000a\000r\000i\000e\000s\000\040\000\046\000\040\000F\000r\000a\000m\000e\000w\000o\000r\000k\000s}{section.20}% 121
\BOOKMARK [3][-]{subsubsection.20.3.1}{\376\377\000L\000a\000n\000g\000G\000r\000a\000p\000h}{subsection.20.3}% 122
\BOOKMARK [3][-]{subsubsection.20.3.2}{\376\377\000L\000a\000n\000g\000C\000h\000a\000i\000n}{subsection.20.3}% 123
\BOOKMARK [3][-]{subsubsection.20.3.3}{\376\377\000R\000i\000c\000h}{subsection.20.3}% 124
\BOOKMARK [3][-]{subsubsection.20.3.4}{\376\377\000L\000L\000M\000\040\000\050\000O\000p\000e\000n\000A\000I\000\040\000/\000\040\000C\000h\000a\000t\000\040\000C\000l\000i\000e\000n\000t\000\051}{subsection.20.3}% 125
\BOOKMARK [3][-]{subsubsection.20.3.5}{\376\377\000O\000t\000h\000e\000r\000\040\000U\000t\000i\000l\000i\000t\000y\000\040\000L\000i\000b\000r\000a\000r\000i\000e\000s}{subsection.20.3}% 126
\BOOKMARK [2][-]{subsection.20.4}{\376\377\000P\000y\000t\000h\000o\000n\000\040\000E\000n\000v\000i\000r\000o\000n\000m\000e\000n\000t}{section.20}% 127
\BOOKMARK [2][-]{subsection.20.5}{\376\377\000W\000h\000y\000\040\000t\000h\000e\000s\000e\000\040\000c\000h\000o\000i\000c\000e\000s\000?}{section.20}% 128
\BOOKMARK [1][-]{section.21}{\376\377\000E\000x\000p\000a\000n\000d\000e\000d\000\040\000M\000e\000t\000h\000o\000d\000s\000\040\000a\000n\000d\000\040\000L\000i\000b\000r\000a\000r\000i\000e\000s\000\040\000\050\000P\000a\000r\000a\000g\000r\000a\000p\000h\000\040\000F\000o\000r\000m\000\051}{}% 129
\BOOKMARK [1][-]{section.22}{\376\377\000C\000o\000m\000p\000r\000e\000h\000e\000n\000s\000i\000v\000e\000\040\000L\000o\000g\000\040\000A\000n\000a\000l\000y\000s\000i\000s\000:\000\040\000A\000g\000e\000n\000t\000\040\000R\000e\000a\000s\000o\000n\000i\000n\000g\000\040\000a\000n\000d\000\040\000D\000e\000b\000u\000g\000g\000i\000n\000g\000\040\000P\000r\000o\000c\000e\000s\000s\000e\000s}{}% 130
\BOOKMARK [2][-]{subsection.22.1}{\376\377\000A\000g\000e\000n\000t\000'\000s\000\040\000S\000y\000s\000t\000e\000m\000a\000t\000i\000c\000\040\000P\000r\000o\000b\000l\000e\000m\000-\000S\000o\000l\000v\000i\000n\000g\000\040\000F\000r\000a\000m\000e\000w\000o\000r\000k}{section.22}% 131
\BOOKMARK [3][-]{subsubsection.22.1.1}{\376\377\000P\000h\000a\000s\000e\000\040\0001\000:\000\040\000P\000r\000o\000b\000l\000e\000m\000\040\000I\000d\000e\000n\000t\000i\000f\000i\000c\000a\000t\000i\000o\000n\000\040\000a\000n\000d\000\040\000I\000n\000i\000t\000i\000a\000l\000\040\000A\000s\000s\000e\000s\000s\000m\000e\000n\000t}{subsection.22.1}% 132
\BOOKMARK [3][-]{subsubsection.22.1.2}{\376\377\000P\000h\000a\000s\000e\000\040\0002\000:\000\040\000R\000o\000o\000t\000\040\000C\000a\000u\000s\000e\000\040\000A\000n\000a\000l\000y\000s\000i\000s\000\040\000a\000n\000d\000\040\000P\000a\000t\000t\000e\000r\000n\000\040\000R\000e\000c\000o\000g\000n\000i\000t\000i\000o\000n}{subsection.22.1}% 133
\BOOKMARK [3][-]{subsubsection.22.1.3}{\376\377\000P\000h\000a\000s\000e\000\040\0003\000:\000\040\000S\000o\000l\000u\000t\000i\000o\000n\000\040\000D\000e\000s\000i\000g\000n\000\040\000a\000n\000d\000\040\000I\000m\000p\000l\000e\000m\000e\000n\000t\000a\000t\000i\000o\000n\000\040\000S\000t\000r\000a\000t\000e\000g\000y}{subsection.22.1}% 134
\BOOKMARK [3][-]{subsubsection.22.1.4}{\376\377\000P\000h\000a\000s\000e\000\040\0004\000:\000\040\000I\000m\000p\000l\000e\000m\000e\000n\000t\000a\000t\000i\000o\000n\000\040\000E\000x\000e\000c\000u\000t\000i\000o\000n\000\040\000a\000n\000d\000\040\000R\000e\000a\000l\000-\000t\000i\000m\000e\000\040\000A\000d\000a\000p\000t\000a\000t\000i\000o\000n}{subsection.22.1}% 135
\BOOKMARK [3][-]{subsubsection.22.1.5}{\376\377\000P\000h\000a\000s\000e\000\040\0005\000:\000\040\000V\000a\000l\000i\000d\000a\000t\000i\000o\000n\000\040\000a\000n\000d\000\040\000Q\000u\000a\000l\000i\000t\000y\000\040\000A\000s\000s\000u\000r\000a\000n\000c\000e}{subsection.22.1}% 136
\BOOKMARK [3][-]{subsubsection.22.1.6}{\376\377\000P\000h\000a\000s\000e\000\040\0006\000:\000\040\000D\000o\000c\000u\000m\000e\000n\000t\000a\000t\000i\000o\000n\000\040\000a\000n\000d\000\040\000K\000n\000o\000w\000l\000e\000d\000g\000e\000\040\000T\000r\000a\000n\000s\000f\000e\000r}{subsection.22.1}% 137
\BOOKMARK [3][-]{subsubsection.22.1.7}{\376\377\000P\000h\000a\000s\000e\000\040\0007\000:\000\040\000C\000o\000n\000t\000i\000n\000u\000o\000u\000s\000\040\000L\000e\000a\000r\000n\000i\000n\000g\000\040\000a\000n\000d\000\040\000I\000m\000p\000r\000o\000v\000e\000m\000e\000n\000t}{subsection.22.1}% 138
\BOOKMARK [2][-]{subsection.22.2}{\376\377\000A\000g\000e\000n\000t\000'\000s\000\040\000C\000o\000g\000n\000i\000t\000i\000v\000e\000\040\000A\000r\000c\000h\000i\000t\000e\000c\000t\000u\000r\000e\000\040\000A\000n\000a\000l\000y\000s\000i\000s}{section.22}% 139
\BOOKMARK [3][-]{subsubsection.22.2.1}{\376\377\000R\000e\000a\000s\000o\000n\000i\000n\000g\000\040\000P\000a\000t\000t\000e\000r\000n\000s\000\040\000a\000n\000d\000\040\000D\000e\000c\000i\000s\000i\000o\000n\000\040\000T\000r\000e\000e\000s}{subsection.22.2}% 140
\BOOKMARK [3][-]{subsubsection.22.2.2}{\376\377\000M\000u\000l\000t\000i\000-\000M\000o\000d\000a\000l\000\040\000I\000n\000f\000o\000r\000m\000a\000t\000i\000o\000n\000\040\000P\000r\000o\000c\000e\000s\000s\000i\000n\000g}{subsection.22.2}% 141
\BOOKMARK [3][-]{subsubsection.22.2.3}{\376\377\000A\000d\000a\000p\000t\000i\000v\000e\000\040\000L\000e\000a\000r\000n\000i\000n\000g\000\040\000a\000n\000d\000\040\000S\000t\000r\000a\000t\000e\000g\000y\000\040\000R\000e\000f\000i\000n\000e\000m\000e\000n\000t}{subsection.22.2}% 142
\BOOKMARK [2][-]{subsection.22.3}{\376\377\000Q\000u\000a\000n\000t\000i\000t\000a\000t\000i\000v\000e\000\040\000A\000n\000a\000l\000y\000s\000i\000s\000\040\000o\000f\000\040\000A\000g\000e\000n\000t\000\040\000P\000e\000r\000f\000o\000r\000m\000a\000n\000c\000e}{section.22}% 143
\BOOKMARK [3][-]{subsubsection.22.3.1}{\376\377\000P\000r\000o\000b\000l\000e\000m\000-\000S\000o\000l\000v\000i\000n\000g\000\040\000E\000f\000f\000i\000c\000i\000e\000n\000c\000y\000\040\000M\000e\000t\000r\000i\000c\000s}{subsection.22.3}% 144
\BOOKMARK [3][-]{subsubsection.22.3.2}{\376\377\000Q\000u\000a\000l\000i\000t\000y\000\040\000I\000m\000p\000r\000o\000v\000e\000m\000e\000n\000t\000\040\000M\000e\000a\000s\000u\000r\000e\000m\000e\000n\000t\000s}{subsection.22.3}% 145
\BOOKMARK [3][-]{subsubsection.22.3.3}{\376\377\000D\000e\000b\000u\000g\000g\000i\000n\000g\000\040\000S\000t\000r\000a\000t\000e\000g\000y\000\040\000E\000f\000f\000e\000c\000t\000i\000v\000e\000n\000e\000s\000s}{subsection.22.3}% 146
\BOOKMARK [2][-]{subsection.22.4}{\376\377\000A\000g\000e\000n\000t\000'\000s\000\040\000U\000n\000i\000q\000u\000e\000\040\000V\000a\000l\000u\000e\000\040\000P\000r\000o\000p\000o\000s\000i\000t\000i\000o\000n\000\040\000D\000e\000m\000o\000n\000s\000t\000r\000a\000t\000e\000d}{section.22}% 147
\BOOKMARK [3][-]{subsubsection.22.4.1}{\376\377\000A\000u\000t\000o\000n\000o\000m\000o\000u\000s\000\040\000R\000e\000s\000e\000a\000r\000c\000h\000\040\000a\000n\000d\000\040\000A\000n\000a\000l\000y\000s\000i\000s}{subsection.22.4}% 148
\BOOKMARK [3][-]{subsubsection.22.4.2}{\376\377\000H\000u\000m\000a\000n\000-\000L\000e\000v\000e\000l\000\040\000P\000r\000o\000b\000l\000e\000m\000\040\000S\000o\000l\000v\000i\000n\000g}{subsection.22.4}% 149
\BOOKMARK [3][-]{subsubsection.22.4.3}{\376\377\000E\000d\000u\000c\000a\000t\000i\000o\000n\000a\000l\000\040\000a\000n\000d\000\040\000C\000o\000l\000l\000a\000b\000o\000r\000a\000t\000i\000v\000e\000\040\000I\000n\000t\000e\000l\000l\000i\000g\000e\000n\000c\000e}{subsection.22.4}% 150
\BOOKMARK [1][-]{section.23}{\376\377\000C\000o\000m\000p\000r\000e\000h\000e\000n\000s\000i\000v\000e\000\040\000A\000s\000s\000e\000s\000s\000m\000e\000n\000t\000:\000\040\000A\000g\000e\000n\000t\000\040\000C\000a\000p\000a\000b\000i\000l\000i\000t\000i\000e\000s\000\040\000a\000n\000d\000\040\000P\000r\000o\000j\000e\000c\000t\000\040\000I\000m\000p\000a\000c\000t}{}% 151
\BOOKMARK [2][-]{subsection.23.1}{\376\377\000A\000g\000e\000n\000t\000'\000s\000\040\000P\000r\000o\000b\000l\000e\000m\000-\000S\000o\000l\000v\000i\000n\000g\000\040\000M\000e\000t\000h\000o\000d\000o\000l\000o\000g\000y}{section.23}% 152
\BOOKMARK [3][-]{subsubsection.23.1.1}{\376\377\000S\000y\000s\000t\000e\000m\000a\000t\000i\000c\000\040\000R\000o\000o\000t\000\040\000C\000a\000u\000s\000e\000\040\000A\000n\000a\000l\000y\000s\000i\000s}{subsection.23.1}% 153
\BOOKMARK [3][-]{subsubsection.23.1.2}{\376\377\000M\000a\000t\000h\000e\000m\000a\000t\000i\000c\000a\000l\000\040\000R\000i\000g\000o\000r\000\040\000i\000n\000\040\000A\000l\000g\000o\000r\000i\000t\000h\000m\000i\000c\000\040\000C\000o\000r\000r\000e\000c\000t\000i\000o\000n\000s}{subsection.23.1}% 154
\BOOKMARK [3][-]{subsubsection.23.1.3}{\376\377\000C\000o\000m\000p\000r\000e\000h\000e\000n\000s\000i\000v\000e\000\040\000T\000e\000s\000t\000i\000n\000g\000\040\000S\000t\000r\000a\000t\000e\000g\000y}{subsection.23.1}% 155
\BOOKMARK [2][-]{subsection.23.2}{\376\377\000T\000e\000c\000h\000n\000i\000c\000a\000l\000\040\000E\000x\000c\000e\000l\000l\000e\000n\000c\000e\000\040\000D\000e\000m\000o\000n\000s\000t\000r\000a\000t\000e\000d}{section.23}% 156
\BOOKMARK [3][-]{subsubsection.23.2.1}{\376\377\000C\000o\000d\000e\000\040\000Q\000u\000a\000l\000i\000t\000y\000\040\000I\000m\000p\000r\000o\000v\000e\000m\000e\000n\000t\000s}{subsection.23.2}% 157
\BOOKMARK [3][-]{subsubsection.23.2.2}{\376\377\000A\000r\000c\000h\000i\000t\000e\000c\000t\000u\000r\000a\000l\000\040\000U\000n\000d\000e\000r\000s\000t\000a\000n\000d\000i\000n\000g}{subsection.23.2}% 158
\BOOKMARK [2][-]{subsection.23.3}{\376\377\000I\000n\000t\000e\000r\000a\000c\000t\000i\000v\000e\000\040\000a\000n\000d\000\040\000A\000n\000a\000l\000y\000t\000i\000c\000a\000l\000\040\000C\000a\000p\000a\000b\000i\000l\000i\000t\000i\000e\000s}{section.23}% 159
\BOOKMARK [3][-]{subsubsection.23.3.1}{\376\377\000H\000u\000m\000a\000n\000-\000A\000g\000e\000n\000t\000\040\000C\000o\000l\000l\000a\000b\000o\000r\000a\000t\000i\000o\000n}{subsection.23.3}% 160
\BOOKMARK [3][-]{subsubsection.23.3.2}{\376\377\000A\000n\000a\000l\000y\000t\000i\000c\000a\000l\000\040\000D\000e\000p\000t\000h}{subsection.23.3}% 161
\BOOKMARK [2][-]{subsection.23.4}{\376\377\000P\000r\000o\000j\000e\000c\000t\000\040\000I\000m\000p\000a\000c\000t\000\040\000a\000n\000d\000\040\000L\000e\000a\000r\000n\000i\000n\000g\000\040\000O\000u\000t\000c\000o\000m\000e\000s}{section.23}% 162
\BOOKMARK [3][-]{subsubsection.23.4.1}{\376\377\000Q\000u\000a\000n\000t\000i\000t\000a\000t\000i\000v\000e\000\040\000I\000m\000p\000r\000o\000v\000e\000m\000e\000n\000t\000s}{subsection.23.4}% 163
\BOOKMARK [3][-]{subsubsection.23.4.2}{\376\377\000Q\000u\000a\000l\000i\000t\000a\000t\000i\000v\000e\000\040\000A\000d\000v\000a\000n\000c\000e\000m\000e\000n\000t\000s}{subsection.23.4}% 164
\BOOKMARK [2][-]{subsection.23.5}{\376\377\000F\000i\000n\000a\000l\000\040\000V\000a\000l\000i\000d\000a\000t\000i\000o\000n\000\040\000a\000n\000d\000\040\000Q\000u\000a\000l\000i\000t\000y\000\040\000A\000s\000s\000u\000r\000a\000n\000c\000e}{section.23}% 165
\BOOKMARK [3][-]{subsubsection.23.5.1}{\376\377\000C\000o\000m\000p\000r\000e\000h\000e\000n\000s\000i\000v\000e\000\040\000T\000e\000s\000t\000i\000n\000g\000\040\000R\000e\000s\000u\000l\000t\000s}{subsection.23.5}% 166
\BOOKMARK [3][-]{subsubsection.23.5.2}{\376\377\000C\000o\000d\000e\000\040\000Q\000u\000a\000l\000i\000t\000y\000\040\000S\000t\000a\000n\000d\000a\000r\000d\000s}{subsection.23.5}% 167
\BOOKMARK [2][-]{subsection.23.6}{\376\377\000A\000g\000e\000n\000t\000'\000s\000\040\000U\000n\000i\000q\000u\000e\000\040\000V\000a\000l\000u\000e\000\040\000P\000r\000o\000p\000o\000s\000i\000t\000i\000o\000n}{section.23}% 168
\BOOKMARK [3][-]{subsubsection.23.6.1}{\376\377\000A\000u\000t\000o\000n\000o\000m\000o\000u\000s\000\040\000P\000r\000o\000b\000l\000e\000m\000\040\000S\000o\000l\000v\000i\000n\000g}{subsection.23.6}% 169
\BOOKMARK [3][-]{subsubsection.23.6.2}{\376\377\000H\000u\000m\000a\000n\000-\000A\000I\000\040\000C\000o\000l\000l\000a\000b\000o\000r\000a\000t\000i\000o\000n}{subsection.23.6}% 170
\BOOKMARK [3][-]{subsubsection.23.6.3}{\376\377\000C\000o\000m\000p\000r\000e\000h\000e\000n\000s\000i\000v\000e\000\040\000D\000o\000c\000u\000m\000e\000n\000t\000a\000t\000i\000o\000n}{subsection.23.6}% 171
\BOOKMARK [2][-]{subsection.23.7}{\376\377\000C\000o\000n\000c\000l\000u\000s\000i\000o\000n\000:\000\040\000A\000g\000e\000n\000t\000\040\000a\000s\000\040\000a\000\040\000S\000o\000p\000h\000i\000s\000t\000i\000c\000a\000t\000e\000d\000\040\000D\000e\000v\000e\000l\000o\000p\000m\000e\000n\000t\000\040\000P\000a\000r\000t\000n\000e\000r}{section.23}% 172
\BOOKMARK [1][-]{section.24}{\376\377\000P\000r\000o\000s\000e\000\040\000S\000u\000m\000m\000a\000r\000y\000\040\000\050\000L\000i\000s\000t\000s\000\040\000C\000o\000n\000v\000e\000r\000t\000e\000d\000\040\000t\000o\000\040\000P\000a\000r\000a\000g\000r\000a\000p\000h\000s\000\051}{}% 173
